
> actinova-ai-tutor@0.1.0 build
> next build --webpack

Γû▓ Next.js 16.1.0 (webpack)
- Environments: .env.local

  Creating an optimized production build ...
node.exe : Failed to compile.
At line:1 char:1
+ & "C:\Program 
Files\nodejs/node.exe" 
"C:\Program 
Files\nodejs/node_mo ...
+ ~~~~~~~~~~~~~~~~~~~~~~~~~~~
~~~~~~~~~~~~~~~~~~~~~~~~~~~~~
~~~~~~~~~~~~~
    + CategoryInfo           
   : NotSpeci    fied: 
(Failed to     
compile.:String)     [], 
RemoteExcepti    on
    + FullyQualifiedE    
rrorId : NativeCo    
mmandError
 

./src/app/profile/page.jsx
Module parse failed: 
Identifier 'dynamic' has 
already been declared (3:7)
File was processed with 
these loaders:
 * ./node_modules/next/dist/b
uild/webpack/loaders/next-fli
ght-client-module-loader.js
 * ./node_modules/next/dist/b
uild/webpack/loaders/next-swc
-loader.js
You may need an additional 
loader to handle the result 
of these loaders.
| /* __next_internal_client_e
ntry_do_not_use__ 
dynamic,default auto */ 
import { jsx as _jsx } from 
"react/jsx-runtime";
| export const dynamic = 
"force-dynamic";
> import dynamic from 
"next/dynamic";
| import NavbarOnlyLayout 
from "../components/NavbarOnl
yLayout";
| import { Suspense } from 
"react";

Import trace for requested 
module:
./src/app/profile/page.jsx


> Build failed because of 
webpack errors
